   Compiling libc v0.2.189
   Compiling version_check v0.9.5
   Compiling proc-macro2 v1.0.107
   Compiling quote v1.0.47
   Compiling zerocopy v0.8.57
   Compiling unicode-ident v1.0.24
   Compiling syn v3.0.5
   Compiling itoa v1.0.18
   Compiling cfg-if v1.0.4
   Compiling bytes v1.12.1
   Compiling pin-project-lite v0.2.17
   Compiling generic-array v0.14.7
   Compiling futures-core v0.3.34
   Compiling http v1.5.0
   Compiling typenum v1.20.1
   Compiling getrandom v0.3.4
   Compiling errno v0.3.14
   Compiling ahash v0.8.12
   Compiling httparse v1.10.1
   Compiling serde_core v1.0.229
   Compiling signal-hook-registry v1.4.8
   Compiling tokio-macros v2.7.2
   Compiling socket2 v0.6.5
   Compiling mio v1.2.3
   Compiling log v0.4.34
   Compiling once_cell v1.21.4
   Compiling tokio v1.53.1
   Compiling rand_core v0.9.5
   Compiling ppv-lite86 v0.2.21
   Compiling crypto-common v0.1.7
   Compiling block-buffer v0.10.4
   Compiling http-body v1.1.0
   Compiling bumpalo v3.20.3
   Compiling memchr v2.8.3
   Compiling thiserror v2.0.20
   Compiling tracing-core v0.1.36
   Compiling aho-corasick v0.7.20
   Compiling hashbrown v0.13.2
   Compiling digest v0.10.7
   Compiling rand_chacha v0.9.0
   Compiling thiserror-impl v2.0.20
   Compiling cpufeatures v0.2.17
   Compiling tower-service v0.3.3
   Compiling zmij v1.0.23
   Compiling slab v0.4.12
   Compiling serde v1.0.229
   Compiling futures-task v0.3.34
   Compiling futures-sink v0.3.34
   Compiling lazy_static v1.5.0
   Compiling parse-js v0.20.1
   Compiling futures-util v0.3.34
   Compiling sha1 v0.10.7
   Compiling rand v0.9.5
   Compiling tracing v0.1.44
   Compiling futures-channel v0.3.34
   Compiling serde_derive v1.0.229
   Compiling rustversion v1.0.23
   Compiling tower-layer v0.3.3
   Compiling atomic-waker v1.1.2
   Compiling crc32fast v1.5.2
   Compiling smallvec v1.16.1
   Compiling serde_json v1.0.151
   Compiling httpdate v1.0.3
   Compiling utf-8 v0.7.6
   Compiling data-encoding v2.11.1
   Compiling percent-encoding v2.3.2
   Compiling getrandom v0.4.3
   Compiling sync_wrapper v1.0.2
   Compiling form_urlencoded v1.2.2
   Compiling tungstenite v0.26.2
   Compiling hyper v1.11.1
   Compiling minify-js v0.6.0
   Compiling http-body-util v0.1.5
   Compiling ryu v1.0.23
   Compiling adler2 v2.0.1
   Compiling simd-adler32 v0.3.10
   Compiling mime v0.3.17
   Compiling axum-core v0.5.6
   Compiling miniz_oxide v0.9.1
   Compiling serde_urlencoded v0.7.1
   Compiling reflex-nano v0.4.0 (/workspace/scratch/ec6b9a5f445e/reflex-nano/crates/nano-core)
   Compiling hyper-util v0.1.20
   Compiling tokio-tungstenite v0.26.2
   Compiling tower v0.5.3
   Compiling serde_path_to_error v0.1.20
   Compiling matchit v0.8.4
   Compiling base64 v0.22.1
   Compiling axum v0.8.4
   Compiling uuid v1.26.1
   Compiling flate2 v1.1.10
    Finished `release` profile [optimized] target(s) in 1m 23s
